// Vitest Snapshot v1, https://vitest.dev/guide/snapshot.html

exports[`PLAN_CONFIG > matches the exact config snapshot 1`] = `
{
  "agency": {
    "description": "Multi-Client, White-Label, Batch-Scan, API und Benchmarking",
    "displayName": "Agency",
    "features": {
      "affiliateProgram": true,
      "aiAnalysis": true,
      "aiVisibilityMonitoring": true,
      "alerts": true,
      "apiAccess": true,
      "batchScan": true,
      "benchmarking": true,
      "competitiveIntel": true,
      "csvExport": true,
      "customReportBranding": false,
      "dashboard": true,
      "fixDeployment": true,
      "fixGeneration": true,
      "guaranteeEligible": true,
      "llmCitationTracking": true,
      "lookerStudio": true,
      "multiLanguage": true,
      "pdfReports": true,
      "prioritySupport": false,
      "redditTracking": true,
      "scoreSnapshots": true,
      "sla": false,
      "sso": false,
      "webhooks": true,
      "whiteLabel": true,
    },
    "limits": {
      "aiVisibilityChecksPerMonth": 100,
      "apiCallsPerMonth": 10000,
      "citationChecksPerMonth": 200,
      "clientWorkspaces": 50,
      "competitorBenchmarks": 20,
      "crawlPagesPerJob": 200,
      "deploymentsPerMonth": null,
      "fixesPerMonth": null,
      "localesPerProject": 5,
      "monitoringProjects": 20,
      "monitoringPrompts": 100,
      "retentionDays": 365,
      "scansPerDay": null,
      "scansPerMonth": null,
      "snapshotsPerMonth": null,
      "teamMembers": 5,
      "webhookEndpoints": 5,
    },
    "name": "agency",
    "order": 3,
    "pricing": {
      "monthlyPriceCents": 34900,
      "yearlyPriceCents": 314900,
    },
  },
  "enterprise": {
    "description": "Unlimited Monitoring, SSO, Priority Support und SLA",
    "displayName": "Enterprise",
    "features": {
      "affiliateProgram": true,
      "aiAnalysis": true,
      "aiVisibilityMonitoring": true,
      "alerts": true,
      "apiAccess": true,
      "batchScan": true,
      "benchmarking": true,
      "competitiveIntel": true,
      "csvExport": true,
      "customReportBranding": true,
      "dashboard": true,
      "fixDeployment": true,
      "fixGeneration": true,
      "guaranteeEligible": true,
      "llmCitationTracking": true,
      "lookerStudio": true,
      "multiLanguage": true,
      "pdfReports": true,
      "prioritySupport": true,
      "redditTracking": true,
      "scoreSnapshots": true,
      "sla": true,
      "sso": true,
      "webhooks": true,
      "whiteLabel": true,
    },
    "limits": {
      "aiVisibilityChecksPerMonth": null,
      "apiCallsPerMonth": null,
      "citationChecksPerMonth": null,
      "clientWorkspaces": null,
      "competitorBenchmarks": null,
      "crawlPagesPerJob": null,
      "deploymentsPerMonth": null,
      "fixesPerMonth": null,
      "localesPerProject": null,
      "monitoringProjects": null,
      "monitoringPrompts": null,
      "retentionDays": 730,
      "scansPerDay": null,
      "scansPerMonth": null,
      "snapshotsPerMonth": null,
      "teamMembers": null,
      "webhookEndpoints": null,
    },
    "name": "enterprise",
    "order": 4,
    "pricing": {
      "monthlyPriceCents": 79900,
      "yearlyPriceCents": 0,
    },
  },
  "free": {
    "description": "Erste Einblicke in die AI-Readiness",
    "displayName": "Free",
    "features": {
      "affiliateProgram": false,
      "aiAnalysis": false,
      "aiVisibilityMonitoring": false,
      "alerts": false,
      "apiAccess": false,
      "batchScan": false,
      "benchmarking": false,
      "competitiveIntel": false,
      "csvExport": false,
      "customReportBranding": false,
      "dashboard": false,
      "fixDeployment": false,
      "fixGeneration": false,
      "guaranteeEligible": false,
      "llmCitationTracking": false,
      "lookerStudio": false,
      "multiLanguage": false,
      "pdfReports": false,
      "prioritySupport": false,
      "redditTracking": false,
      "scoreSnapshots": false,
      "sla": false,
      "sso": false,
      "webhooks": false,
      "whiteLabel": false,
    },
    "limits": {
      "aiVisibilityChecksPerMonth": 0,
      "apiCallsPerMonth": 0,
      "citationChecksPerMonth": 0,
      "clientWorkspaces": 0,
      "competitorBenchmarks": 0,
      "crawlPagesPerJob": 0,
      "deploymentsPerMonth": 0,
      "fixesPerMonth": 0,
      "localesPerProject": 1,
      "monitoringProjects": 0,
      "monitoringPrompts": 0,
      "retentionDays": 30,
      "scansPerDay": 1,
      "scansPerMonth": 3,
      "snapshotsPerMonth": 0,
      "teamMembers": 1,
      "webhookEndpoints": 0,
    },
    "name": "free",
    "order": 0,
    "pricing": {
      "monthlyPriceCents": 0,
      "yearlyPriceCents": 0,
    },
  },
  "pro": {
    "description": "Unbegrenzte Scans, Fix-Generierung, KI-Analyse und Monitoring",
    "displayName": "Pro",
    "features": {
      "affiliateProgram": false,
      "aiAnalysis": true,
      "aiVisibilityMonitoring": true,
      "alerts": true,
      "apiAccess": false,
      "batchScan": false,
      "benchmarking": false,
      "competitiveIntel": true,
      "csvExport": true,
      "customReportBranding": false,
      "dashboard": true,
      "fixDeployment": true,
      "fixGeneration": true,
      "guaranteeEligible": true,
      "llmCitationTracking": true,
      "lookerStudio": false,
      "multiLanguage": false,
      "pdfReports": true,
      "prioritySupport": false,
      "redditTracking": false,
      "scoreSnapshots": true,
      "sla": false,
      "sso": false,
      "webhooks": false,
      "whiteLabel": false,
    },
    "limits": {
      "aiVisibilityChecksPerMonth": 25,
      "apiCallsPerMonth": 0,
      "citationChecksPerMonth": 50,
      "clientWorkspaces": 0,
      "competitorBenchmarks": 3,
      "crawlPagesPerJob": 50,
      "deploymentsPerMonth": 50,
      "fixesPerMonth": null,
      "localesPerProject": 1,
      "monitoringProjects": 3,
      "monitoringPrompts": 25,
      "retentionDays": 180,
      "scansPerDay": null,
      "scansPerMonth": null,
      "snapshotsPerMonth": 50,
      "teamMembers": 1,
      "webhookEndpoints": 0,
    },
    "name": "pro",
    "order": 2,
    "pricing": {
      "monthlyPriceCents": 14900,
      "yearlyPriceCents": 134900,
    },
  },
  "starter": {
    "description": "Fuer einzelne Webentwickler mit Dashboard und PDF-Reports",
    "displayName": "Starter",
    "features": {
      "affiliateProgram": false,
      "aiAnalysis": false,
      "aiVisibilityMonitoring": false,
      "alerts": false,
      "apiAccess": false,
      "batchScan": false,
      "benchmarking": false,
      "competitiveIntel": false,
      "csvExport": true,
      "customReportBranding": false,
      "dashboard": true,
      "fixDeployment": false,
      "fixGeneration": true,
      "guaranteeEligible": false,
      "llmCitationTracking": false,
      "lookerStudio": false,
      "multiLanguage": false,
      "pdfReports": true,
      "prioritySupport": false,
      "redditTracking": false,
      "scoreSnapshots": true,
      "sla": false,
      "sso": false,
      "webhooks": false,
      "whiteLabel": false,
    },
    "limits": {
      "aiVisibilityChecksPerMonth": 0,
      "apiCallsPerMonth": 0,
      "citationChecksPerMonth": 0,
      "clientWorkspaces": 0,
      "competitorBenchmarks": 0,
      "crawlPagesPerJob": 0,
      "deploymentsPerMonth": 0,
      "fixesPerMonth": 10,
      "localesPerProject": 1,
      "monitoringProjects": 0,
      "monitoringPrompts": 0,
      "retentionDays": 90,
      "scansPerDay": 10,
      "scansPerMonth": 50,
      "snapshotsPerMonth": 5,
      "teamMembers": 1,
      "webhookEndpoints": 0,
    },
    "name": "starter",
    "order": 1,
    "pricing": {
      "monthlyPriceCents": 4900,
      "yearlyPriceCents": 44900,
    },
  },
}
`;
